I'm sorry, but errors were detected in your script. Please correct the
errors listed below, and try again.


File "game/script.rpy", line 480: end of line expected.
    crux "Shark Teeth""Jumped dimensions with… us…? But not you, Crux?"
                      ^

Ren'Py Version: Ren'Py 7.4.11.2266
Sat Jun 18 22:47:36 2022
